{
    "argument":"-finishresiduenumber",
	"paramtype":"input",
	"value":"",
	"name":"finishresiduenumber",
	"category":"integer",
	"valuetype":"integer",
	"description":" [1] Last residue in chain for which torsion angles should be calculated (1 = last  residue) (Any integer value)"
}