{
	"version":"6.5.7.0",
	"name":"transeq",
	"description":"Translate nucleic acid sequences"
}
